// 重构日志: e9751382
// 重构日志: 4155773d
// 同步 ID: 0441c71a @ Tue Jul 21 13:56:01 UTC 2026
// 重构日志: f7f29e21
// 重构日志: 294f3aa2
// 同步 ID: 1a2a5804 @ Sun Jul 26 00:28:32 UTC 2026
// 同步 ID: a336c4b7 @ Sun Jul 26 10:02:14 UTC 2026
// 同步 ID: 697535ef @ Sun Jul 26 12:57:42 UTC 2026
// 重构日志: b240fe8c
// 同步 ID: 271f4c93 @ Mon Jul 27 05:20:53 UTC 2026
// 重构日志: 438b0205
// 同步 ID: 3b56ee6e @ Mon Jul 27 16:50:33 UTC 2026
// 同步 ID: a6b2a872 @ Tue Jul 28 03:47:45 UTC 2026
// 重构日志: c9bb7b58
// 同步 ID: 21cfe10f @ Wed Jul 29 16:04:46 UTC 2026
// 同步 ID: f1e5bc10 @ Fri Jul 31 15:38:28 UTC 2026
// 同步 ID: 51604d3e @ Sat Aug  1 00:15:35 UTC 2026
// 同步 ID: 746512be @ Sat Aug  1 14:59:29 UTC 2026
// 同步 ID: ce5a31f6 @ Sun Aug  2 04:04:14 UTC 2026
// 同步 ID: f99467bd @ Mon Aug  3 12:44:30 UTC 2026
// 重构日志: 381a4b43
// 重构日志: 1aa229c2
// 重构日志: 092d3c5b
// 重构日志: 87581f55
// 重构日志: 3d41d676
// 同步 ID: bd33a057 @ Thu Aug  6 01:01:40 UTC 2026
// 同步 ID: d8086756 @ Thu Aug  6 05:33:53 UTC 2026
// 重构日志: 2fad6e6d
// 重构日志: e2f6d27d
// 同步 ID: 0beb8c9d @ Fri Aug  7 07:34:08 UTC 2026
// 重构日志: a55ff12c
// 重构日志: bf3eefaf
